dk@dk:/media/sf_SHARED/LINUX/MODULE_05$ chmod +x file_analyzer.sh
dk@dk:/media/sf_SHARED/LINUX/MODULE_05$ ./file_analyzer.sh --help
Usage: ./file_analyzer.sh [OPTIONS]

Options:
  -d <directory>  Search for a keyword recursively in a directory.
  -f <file>       Search for a keyword in a specific file.
  -k <keyword>    Keyword to search.
  --help          Display this help menu.

Examples:
  ./file_analyzer.sh -d logs -k error
  ./file_analyzer.sh -f script.sh -k TODO

dk@dk:/media/sf_SHARED/LINUX/MODULE_05$ ./file_analyzer.sh -d /media/sf_SHARED/LINUX/MODULE_03 -k localhost
Keyword found in file: /media/sf_SHARED/LINUX/MODULE_03/backup/config.txt
Script executed with exit status: 0

dk@dk:/media/sf_SHARED/LINUX/MODULE_05$ ./file_analyzer.sh -f script.sh -k sample
Keyword found in file: script.sh
Script executed with exit status: 0

dk@dk:/media/sf_SHARED/LINUX/MODULE_05$ ./file_analyzer.sh -f script.sh -k x
No match found in file: script.sh
Script executed with exit status: 0

dk@dk:/media/sf_SHARED/LINUX/MODULE_05$ ./file_analyzer.sh -f script.sh -k @#
ERROR: Invalid or empty keyword.